{
  "id": "928f6ef3-6873-454a-a68d-ef3f5d7963b5",
  "text": "hello world",
  "moreText": null,
  "uniqueField": null
}
